Copyright 1986-2021 Xilinx, Inc. All Rights Reserved.
--------------------------------------------------------------------------------------------------------------------------------------------------------------------------------------------------
| Tool Version : Vivado v.2021.2 (win64) Build 3367213 Tue Oct 19 02:48:09 MDT 2021
| Date         : Thu Nov 10 10:19:36 2022
| Host         : MateBook13-Alessandro running 64-bit major release  (build 9200)
| Command      : report_methodology -file project_reti_logiche_methodology_drc_routed.rpt -pb project_reti_logiche_methodology_drc_routed.pb -rpx project_reti_logiche_methodology_drc_routed.rpx
| Design       : project_reti_logiche
| Device       : xc7a200tfbg484-1
| Speed File   : -1
| Design State : Fully Routed
--------------------------------------------------------------------------------------------------------------------------------------------------------------------------------------------------

Report Methodology

Table of Contents
-----------------
1. REPORT SUMMARY
2. REPORT DETAILS

1. REPORT SUMMARY
-----------------
            Netlist: netlist
          Floorplan: design_1
      Design limits: <entire design considered>
             Max violations: <unlimited>
             Violations found: 104
+-----------+----------+-------------------------------+------------+
| Rule      | Severity | Description                   | Violations |
+-----------+----------+-------------------------------+------------+
| TIMING-18 | Warning  | Missing input or output delay | 1          |
| TIMING-20 | Warning  | Non-clocked latch             | 103        |
+-----------+----------+-------------------------------+------------+

2. REPORT DETAILS
-----------------
TIMING-18#1 Warning
Missing input or output delay  
An input delay is missing on i_rst relative to clock(s) clock
Related violations: <none>

TIMING-20#1 Warning
Non-clocked latch  
The latch flag_reg cannot be properly analyzed as its control pin flag_reg/G is not reached by a timing clock
Related violations: <none>

TIMING-20#2 Warning
Non-clocked latch  
The latch future_state_reg[0] cannot be properly analyzed as its control pin future_state_reg[0]/G is not reached by a timing clock
Related violations: <none>

TIMING-20#3 Warning
Non-clocked latch  
The latch future_state_reg[1] cannot be properly analyzed as its control pin future_state_reg[1]/G is not reached by a timing clock
Related violations: <none>

TIMING-20#4 Warning
Non-clocked latch  
The latch future_state_reg[2] cannot be properly analyzed as its control pin future_state_reg[2]/G is not reached by a timing clock
Related violations: <none>

TIMING-20#5 Warning
Non-clocked latch  
The latch global_counter_reg[0] cannot be properly analyzed as its control pin global_counter_reg[0]/G is not reached by a timing clock
Related violations: <none>

TIMING-20#6 Warning
Non-clocked latch  
The latch global_counter_reg[10] cannot be properly analyzed as its control pin global_counter_reg[10]/G is not reached by a timing clock
Related violations: <none>

TIMING-20#7 Warning
Non-clocked latch  
The latch global_counter_reg[11] cannot be properly analyzed as its control pin global_counter_reg[11]/G is not reached by a timing clock
Related violations: <none>

TIMING-20#8 Warning
Non-clocked latch  
The latch global_counter_reg[12] cannot be properly analyzed as its control pin global_counter_reg[12]/G is not reached by a timing clock
Related violations: <none>

TIMING-20#9 Warning
Non-clocked latch  
The latch global_counter_reg[13] cannot be properly analyzed as its control pin global_counter_reg[13]/G is not reached by a timing clock
Related violations: <none>

TIMING-20#10 Warning
Non-clocked latch  
The latch global_counter_reg[14] cannot be properly analyzed as its control pin global_counter_reg[14]/G is not reached by a timing clock
Related violations: <none>

TIMING-20#11 Warning
Non-clocked latch  
The latch global_counter_reg[1] cannot be properly analyzed as its control pin global_counter_reg[1]/G is not reached by a timing clock
Related violations: <none>

TIMING-20#12 Warning
Non-clocked latch  
The latch global_counter_reg[2] cannot be properly analyzed as its control pin global_counter_reg[2]/G is not reached by a timing clock
Related violations: <none>

TIMING-20#13 Warning
Non-clocked latch  
The latch global_counter_reg[3] cannot be properly analyzed as its control pin global_counter_reg[3]/G is not reached by a timing clock
Related violations: <none>

TIMING-20#14 Warning
Non-clocked latch  
The latch global_counter_reg[4] cannot be properly analyzed as its control pin global_counter_reg[4]/G is not reached by a timing clock
Related violations: <none>

TIMING-20#15 Warning
Non-clocked latch  
The latch global_counter_reg[5] cannot be properly analyzed as its control pin global_counter_reg[5]/G is not reached by a timing clock
Related violations: <none>

TIMING-20#16 Warning
Non-clocked latch  
The latch global_counter_reg[6] cannot be properly analyzed as its control pin global_counter_reg[6]/G is not reached by a timing clock
Related violations: <none>

TIMING-20#17 Warning
Non-clocked latch  
The latch global_counter_reg[7] cannot be properly analyzed as its control pin global_counter_reg[7]/G is not reached by a timing clock
Related violations: <none>

TIMING-20#18 Warning
Non-clocked latch  
The latch global_counter_reg[8] cannot be properly analyzed as its control pin global_counter_reg[8]/G is not reached by a timing clock
Related violations: <none>

TIMING-20#19 Warning
Non-clocked latch  
The latch global_counter_reg[9] cannot be properly analyzed as its control pin global_counter_reg[9]/G is not reached by a timing clock
Related violations: <none>

TIMING-20#20 Warning
Non-clocked latch  
The latch got_length_reg cannot be properly analyzed as its control pin got_length_reg/G is not reached by a timing clock
Related violations: <none>

TIMING-20#21 Warning
Non-clocked latch  
The latch length_reg[0] cannot be properly analyzed as its control pin length_reg[0]/G is not reached by a timing clock
Related violations: <none>

TIMING-20#22 Warning
Non-clocked latch  
The latch length_reg[1] cannot be properly analyzed as its control pin length_reg[1]/G is not reached by a timing clock
Related violations: <none>

TIMING-20#23 Warning
Non-clocked latch  
The latch length_reg[2] cannot be properly analyzed as its control pin length_reg[2]/G is not reached by a timing clock
Related violations: <none>

TIMING-20#24 Warning
Non-clocked latch  
The latch length_reg[3] cannot be properly analyzed as its control pin length_reg[3]/G is not reached by a timing clock
Related violations: <none>

TIMING-20#25 Warning
Non-clocked latch  
The latch length_reg[4] cannot be properly analyzed as its control pin length_reg[4]/G is not reached by a timing clock
Related violations: <none>

TIMING-20#26 Warning
Non-clocked latch  
The latch length_reg[5] cannot be properly analyzed as its control pin length_reg[5]/G is not reached by a timing clock
Related violations: <none>

TIMING-20#27 Warning
Non-clocked latch  
The latch length_reg[6] cannot be properly analyzed as its control pin length_reg[6]/G is not reached by a timing clock
Related violations: <none>

TIMING-20#28 Warning
Non-clocked latch  
The latch length_reg[7] cannot be properly analyzed as its control pin length_reg[7]/G is not reached by a timing clock
Related violations: <none>

TIMING-20#29 Warning
Non-clocked latch  
The latch local_counter_reg[0] cannot be properly analyzed as its control pin local_counter_reg[0]/G is not reached by a timing clock
Related violations: <none>

TIMING-20#30 Warning
Non-clocked latch  
The latch local_counter_reg[1] cannot be properly analyzed as its control pin local_counter_reg[1]/G is not reached by a timing clock
Related violations: <none>

TIMING-20#31 Warning
Non-clocked latch  
The latch local_counter_reg[2] cannot be properly analyzed as its control pin local_counter_reg[2]/G is not reached by a timing clock
Related violations: <none>

TIMING-20#32 Warning
Non-clocked latch  
The latch local_counter_reg[3] cannot be properly analyzed as its control pin local_counter_reg[3]/G is not reached by a timing clock
Related violations: <none>

TIMING-20#33 Warning
Non-clocked latch  
The latch o_address_reg[0] cannot be properly analyzed as its control pin o_address_reg[0]/G is not reached by a timing clock
Related violations: <none>

TIMING-20#34 Warning
Non-clocked latch  
The latch o_address_reg[10] cannot be properly analyzed as its control pin o_address_reg[10]/G is not reached by a timing clock
Related violations: <none>

TIMING-20#35 Warning
Non-clocked latch  
The latch o_address_reg[11] cannot be properly analyzed as its control pin o_address_reg[11]/G is not reached by a timing clock
Related violations: <none>

TIMING-20#36 Warning
Non-clocked latch  
The latch o_address_reg[12] cannot be properly analyzed as its control pin o_address_reg[12]/G is not reached by a timing clock
Related violations: <none>

TIMING-20#37 Warning
Non-clocked latch  
The latch o_address_reg[13] cannot be properly analyzed as its control pin o_address_reg[13]/G is not reached by a timing clock
Related violations: <none>

TIMING-20#38 Warning
Non-clocked latch  
The latch o_address_reg[14] cannot be properly analyzed as its control pin o_address_reg[14]/G is not reached by a timing clock
Related violations: <none>

TIMING-20#39 Warning
Non-clocked latch  
The latch o_address_reg[15] cannot be properly analyzed as its control pin o_address_reg[15]/G is not reached by a timing clock
Related violations: <none>

TIMING-20#40 Warning
Non-clocked latch  
The latch o_address_reg[1] cannot be properly analyzed as its control pin o_address_reg[1]/G is not reached by a timing clock
Related violations: <none>

TIMING-20#41 Warning
Non-clocked latch  
The latch o_address_reg[2] cannot be properly analyzed as its control pin o_address_reg[2]/G is not reached by a timing clock
Related violations: <none>

TIMING-20#42 Warning
Non-clocked latch  
The latch o_address_reg[3] cannot be properly analyzed as its control pin o_address_reg[3]/G is not reached by a timing clock
Related violations: <none>

TIMING-20#43 Warning
Non-clocked latch  
The latch o_address_reg[4] cannot be properly analyzed as its control pin o_address_reg[4]/G is not reached by a timing clock
Related violations: <none>

TIMING-20#44 Warning
Non-clocked latch  
The latch o_address_reg[5] cannot be properly analyzed as its control pin o_address_reg[5]/G is not reached by a timing clock
Related violations: <none>

TIMING-20#45 Warning
Non-clocked latch  
The latch o_address_reg[6] cannot be properly analyzed as its control pin o_address_reg[6]/G is not reached by a timing clock
Related violations: <none>

TIMING-20#46 Warning
Non-clocked latch  
The latch o_address_reg[7] cannot be properly analyzed as its control pin o_address_reg[7]/G is not reached by a timing clock
Related violations: <none>

TIMING-20#47 Warning
Non-clocked latch  
The latch o_address_reg[8] cannot be properly analyzed as its control pin o_address_reg[8]/G is not reached by a timing clock
Related violations: <none>

TIMING-20#48 Warning
Non-clocked latch  
The latch o_address_reg[9] cannot be properly analyzed as its control pin o_address_reg[9]/G is not reached by a timing clock
Related violations: <none>

TIMING-20#49 Warning
Non-clocked latch  
The latch o_data_reg[0] cannot be properly analyzed as its control pin o_data_reg[0]/G is not reached by a timing clock
Related violations: <none>

TIMING-20#50 Warning
Non-clocked latch  
The latch o_data_reg[1] cannot be properly analyzed as its control pin o_data_reg[1]/G is not reached by a timing clock
Related violations: <none>

TIMING-20#51 Warning
Non-clocked latch  
The latch o_data_reg[2] cannot be properly analyzed as its control pin o_data_reg[2]/G is not reached by a timing clock
Related violations: <none>

TIMING-20#52 Warning
Non-clocked latch  
The latch o_data_reg[3] cannot be properly analyzed as its control pin o_data_reg[3]/G is not reached by a timing clock
Related violations: <none>

TIMING-20#53 Warning
Non-clocked latch  
The latch o_data_reg[4] cannot be properly analyzed as its control pin o_data_reg[4]/G is not reached by a timing clock
Related violations: <none>

TIMING-20#54 Warning
Non-clocked latch  
The latch o_data_reg[5] cannot be properly analyzed as its control pin o_data_reg[5]/G is not reached by a timing clock
Related violations: <none>

TIMING-20#55 Warning
Non-clocked latch  
The latch o_data_reg[6] cannot be properly analyzed as its control pin o_data_reg[6]/G is not reached by a timing clock
Related violations: <none>

TIMING-20#56 Warning
Non-clocked latch  
The latch o_data_reg[7] cannot be properly analyzed as its control pin o_data_reg[7]/G is not reached by a timing clock
Related violations: <none>

TIMING-20#57 Warning
Non-clocked latch  
The latch o_done_reg cannot be properly analyzed as its control pin o_done_reg/G is not reached by a timing clock
Related violations: <none>

TIMING-20#58 Warning
Non-clocked latch  
The latch o_en_reg cannot be properly analyzed as its control pin o_en_reg/G is not reached by a timing clock
Related violations: <none>

TIMING-20#59 Warning
Non-clocked latch  
The latch o_we_reg cannot be properly analyzed as its control pin o_we_reg/G is not reached by a timing clock
Related violations: <none>

TIMING-20#60 Warning
Non-clocked latch  
The latch save_length_reg cannot be properly analyzed as its control pin save_length_reg/G is not reached by a timing clock
Related violations: <none>

TIMING-20#61 Warning
Non-clocked latch  
The latch save_word_reg cannot be properly analyzed as its control pin save_word_reg/G is not reached by a timing clock
Related violations: <none>

TIMING-20#62 Warning
Non-clocked latch  
The latch state_next_reg[0] cannot be properly analyzed as its control pin state_next_reg[0]/G is not reached by a timing clock
Related violations: <none>

TIMING-20#63 Warning
Non-clocked latch  
The latch state_next_reg[1] cannot be properly analyzed as its control pin state_next_reg[1]/G is not reached by a timing clock
Related violations: <none>

TIMING-20#64 Warning
Non-clocked latch  
The latch state_next_reg[2] cannot be properly analyzed as its control pin state_next_reg[2]/G is not reached by a timing clock
Related violations: <none>

TIMING-20#65 Warning
Non-clocked latch  
The latch state_next_reg[3] cannot be properly analyzed as its control pin state_next_reg[3]/G is not reached by a timing clock
Related violations: <none>

TIMING-20#66 Warning
Non-clocked latch  
The latch word_to_process_reg[0] cannot be properly analyzed as its control pin word_to_process_reg[0]/G is not reached by a timing clock
Related violations: <none>

TIMING-20#67 Warning
Non-clocked latch  
The latch word_to_process_reg[1] cannot be properly analyzed as its control pin word_to_process_reg[1]/G is not reached by a timing clock
Related violations: <none>

TIMING-20#68 Warning
Non-clocked latch  
The latch word_to_process_reg[2] cannot be properly analyzed as its control pin word_to_process_reg[2]/G is not reached by a timing clock
Related violations: <none>

TIMING-20#69 Warning
Non-clocked latch  
The latch word_to_process_reg[3] cannot be properly analyzed as its control pin word_to_process_reg[3]/G is not reached by a timing clock
Related violations: <none>

TIMING-20#70 Warning
Non-clocked latch  
The latch word_to_process_reg[4] cannot be properly analyzed as its control pin word_to_process_reg[4]/G is not reached by a timing clock
Related violations: <none>

TIMING-20#71 Warning
Non-clocked latch  
The latch word_to_process_reg[5] cannot be properly analyzed as its control pin word_to_process_reg[5]/G is not reached by a timing clock
Related violations: <none>

TIMING-20#72 Warning
Non-clocked latch  
The latch word_to_process_reg[6] cannot be properly analyzed as its control pin word_to_process_reg[6]/G is not reached by a timing clock
Related violations: <none>

TIMING-20#73 Warning
Non-clocked latch  
The latch word_to_process_reg[7] cannot be properly analyzed as its control pin word_to_process_reg[7]/G is not reached by a timing clock
Related violations: <none>

TIMING-20#74 Warning
Non-clocked latch  
The latch word_to_save_reg[0] cannot be properly analyzed as its control pin word_to_save_reg[0]/G is not reached by a timing clock
Related violations: <none>

TIMING-20#75 Warning
Non-clocked latch  
The latch word_to_save_reg[1] cannot be properly analyzed as its control pin word_to_save_reg[1]/G is not reached by a timing clock
Related violations: <none>

TIMING-20#76 Warning
Non-clocked latch  
The latch word_to_save_reg[2] cannot be properly analyzed as its control pin word_to_save_reg[2]/G is not reached by a timing clock
Related violations: <none>

TIMING-20#77 Warning
Non-clocked latch  
The latch word_to_save_reg[3] cannot be properly analyzed as its control pin word_to_save_reg[3]/G is not reached by a timing clock
Related violations: <none>

TIMING-20#78 Warning
Non-clocked latch  
The latch word_to_save_reg[4] cannot be properly analyzed as its control pin word_to_save_reg[4]/G is not reached by a timing clock
Related violations: <none>

TIMING-20#79 Warning
Non-clocked latch  
The latch word_to_save_reg[5] cannot be properly analyzed as its control pin word_to_save_reg[5]/G is not reached by a timing clock
Related violations: <none>

TIMING-20#80 Warning
Non-clocked latch  
The latch word_to_save_reg[6] cannot be properly analyzed as its control pin word_to_save_reg[6]/G is not reached by a timing clock
Related violations: <none>

TIMING-20#81 Warning
Non-clocked latch  
The latch word_to_save_reg[7] cannot be properly analyzed as its control pin word_to_save_reg[7]/G is not reached by a timing clock
Related violations: <none>

TIMING-20#82 Warning
Non-clocked latch  
The latch word_write_index_reg[0] cannot be properly analyzed as its control pin word_write_index_reg[0]/G is not reached by a timing clock
Related violations: <none>

TIMING-20#83 Warning
Non-clocked latch  
The latch word_write_index_reg[10] cannot be properly analyzed as its control pin word_write_index_reg[10]/G is not reached by a timing clock
Related violations: <none>

TIMING-20#84 Warning
Non-clocked latch  
The latch word_write_index_reg[11] cannot be properly analyzed as its control pin word_write_index_reg[11]/G is not reached by a timing clock
Related violations: <none>

TIMING-20#85 Warning
Non-clocked latch  
The latch word_write_index_reg[12] cannot be properly analyzed as its control pin word_write_index_reg[12]/G is not reached by a timing clock
Related violations: <none>

TIMING-20#86 Warning
Non-clocked latch  
The latch word_write_index_reg[13] cannot be properly analyzed as its control pin word_write_index_reg[13]/G is not reached by a timing clock
Related violations: <none>

TIMING-20#87 Warning
Non-clocked latch  
The latch word_write_index_reg[14] cannot be properly analyzed as its control pin word_write_index_reg[14]/G is not reached by a timing clock
Related violations: <none>

TIMING-20#88 Warning
Non-clocked latch  
The latch word_write_index_reg[1] cannot be properly analyzed as its control pin word_write_index_reg[1]/G is not reached by a timing clock
Related violations: <none>

TIMING-20#89 Warning
Non-clocked latch  
The latch word_write_index_reg[2] cannot be properly analyzed as its control pin word_write_index_reg[2]/G is not reached by a timing clock
Related violations: <none>

TIMING-20#90 Warning
Non-clocked latch  
The latch word_write_index_reg[3] cannot be properly analyzed as its control pin word_write_index_reg[3]/G is not reached by a timing clock
Related violations: <none>

TIMING-20#91 Warning
Non-clocked latch  
The latch word_write_index_reg[4] cannot be properly analyzed as its control pin word_write_index_reg[4]/G is not reached by a timing clock
Related violations: <none>

TIMING-20#92 Warning
Non-clocked latch  
The latch word_write_index_reg[5] cannot be properly analyzed as its control pin word_write_index_reg[5]/G is not reached by a timing clock
Related violations: <none>

TIMING-20#93 Warning
Non-clocked latch  
The latch word_write_index_reg[6] cannot be properly analyzed as its control pin word_write_index_reg[6]/G is not reached by a timing clock
Related violations: <none>

TIMING-20#94 Warning
Non-clocked latch  
The latch word_write_index_reg[7] cannot be properly analyzed as its control pin word_write_index_reg[7]/G is not reached by a timing clock
Related violations: <none>

TIMING-20#95 Warning
Non-clocked latch  
The latch word_write_index_reg[8] cannot be properly analyzed as its control pin word_write_index_reg[8]/G is not reached by a timing clock
Related violations: <none>

TIMING-20#96 Warning
Non-clocked latch  
The latch word_write_index_reg[9] cannot be properly analyzed as its control pin word_write_index_reg[9]/G is not reached by a timing clock
Related violations: <none>

TIMING-20#97 Warning
Non-clocked latch  
The latch write_index_reg[0] cannot be properly analyzed as its control pin write_index_reg[0]/G is not reached by a timing clock
Related violations: <none>

TIMING-20#98 Warning
Non-clocked latch  
The latch write_index_reg[1] cannot be properly analyzed as its control pin write_index_reg[1]/G is not reached by a timing clock
Related violations: <none>

TIMING-20#99 Warning
Non-clocked latch  
The latch write_index_reg[2] cannot be properly analyzed as its control pin write_index_reg[2]/G is not reached by a timing clock
Related violations: <none>

TIMING-20#100 Warning
Non-clocked latch  
The latch write_index_reg[3] cannot be properly analyzed as its control pin write_index_reg[3]/G is not reached by a timing clock
Related violations: <none>

TIMING-20#101 Warning
Non-clocked latch  
The latch write_index_reg[4] cannot be properly analyzed as its control pin write_index_reg[4]/G is not reached by a timing clock
Related violations: <none>

TIMING-20#102 Warning
Non-clocked latch  
The latch write_word1_reg cannot be properly analyzed as its control pin write_word1_reg/G is not reached by a timing clock
Related violations: <none>

TIMING-20#103 Warning
Non-clocked latch  
The latch write_word2_reg cannot be properly analyzed as its control pin write_word2_reg/G is not reached by a timing clock
Related violations: <none>


